[2026-09-07T10:14:33.324+0000] {taskinstance.py:1956} INFO - Dependencies all met for dep_context=non-requeueable deps ti=<TaskInstance: final_project.Load_time_dim_table manual__2018-11-01T00:00:00+00:00 [queued]>
[2026-09-07T10:14:33.329+0000] {taskinstance.py:1956} INFO - Dependencies all met for dep_context=requeueable deps ti=<TaskInstance: final_project.Load_time_dim_table manual__2018-11-01T00:00:00+00:00 [queued]>
[2026-09-07T10:14:33.329+0000] {taskinstance.py:2170} INFO - Starting attempt 1 of 4
[2026-09-07T10:14:33.345+0000] {taskinstance.py:2191} INFO - Executing <Task(LoadDimensionOperator): Load_time_dim_table> on 2018-11-01 00:00:00+00:00
[2026-09-07T10:14:33.353+0000] {standard_task_runner.py:60} INFO - Started process 1563 to run task
[2026-09-07T10:14:33.356+0000] {standard_task_runner.py:87} INFO - Running: ['***', 'tasks', 'run', 'final_project', 'Load_time_dim_table', 'manual__2018-11-01T00:00:00+00:00', '--job-id', '18', '--raw', '--subdir', 'DAGS_FOLDER/final_project.py', '--cfg-path', '/tmp/tmpz8tis01q']
[2026-09-07T10:14:33.370+0000] {standard_task_runner.py:88} INFO - Job 18: Subtask Load_time_dim_table
[2026-09-07T10:14:33.406+0000] {task_command.py:423} INFO - Running <TaskInstance: final_project.Load_time_dim_table manual__2018-11-01T00:00:00+00:00 [running]> on host fc62c915245b
[2026-09-07T10:14:33.471+0000] {taskinstance.py:2480} INFO - Exporting env vars: AIRFLOW_CTX_DAG_OWNER='udacity' AIRFLOW_CTX_DAG_ID='final_project' AIRFLOW_CTX_TASK_ID='Load_time_dim_table' AIRFLOW_CTX_EXECUTION_DATE='2018-11-01T00:00:00+00:00' AIRFLOW_CTX_TRY_NUMBER='1' AIRFLOW_CTX_DAG_RUN_ID='manual__2018-11-01T00:00:00+00:00'
[2026-09-07T10:14:33.472+0000] {load_dimension.py:26} INFO - Truncating dimension table "time"
[2026-09-07T10:14:33.479+0000] {base.py:83} INFO - Using connection ID 'redshift' for task execution.
[2026-09-07T10:14:34.273+0000] {sql.py:450} INFO - Running statement: TRUNCATE TABLE "time", parameters: None
[2026-09-07T10:14:35.313+0000] {load_dimension.py:29} INFO - Loading dimension table "time"
[2026-09-07T10:14:35.318+0000] {base.py:83} INFO - Using connection ID 'redshift' for task execution.
[2026-09-07T10:14:36.105+0000] {sql.py:450} INFO - Running statement: INSERT INTO "time"

        SELECT start_time, extract(hour from start_time), extract(day from start_time), extract(week from start_time), 
               extract(month from start_time), extract(year from start_time), extract(dayofweek from start_time)
        FROM songplays
    , parameters: None
[2026-09-07T10:14:37.346+0000] {sql.py:459} INFO - Rows affected: 6820
[2026-09-07T10:14:38.113+0000] {load_dimension.py:31} INFO - Successfully loaded dimension table "time"
[2026-09-07T10:14:38.121+0000] {taskinstance.py:1138} INFO - Marking task as SUCCESS. dag_id=final_project, task_id=Load_time_dim_table, execution_date=20181101T000000, start_date=20260907T101433, end_date=20260907T101438
[2026-09-07T10:14:38.146+0000] {local_task_job_runner.py:234} INFO - Task exited with return code 0
[2026-09-07T10:14:38.166+0000] {taskinstance.py:3280} INFO - 0 downstream tasks scheduled from follow-on schedule check
