[2026-09-07T10:14:29.142+0000] {taskinstance.py:1956} INFO - Dependencies all met for dep_context=non-requeueable deps ti=<TaskInstance: final_project.Load_songplays_fact_table manual__2018-11-01T00:00:00+00:00 [queued]>
[2026-09-07T10:14:29.147+0000] {taskinstance.py:1956} INFO - Dependencies all met for dep_context=requeueable deps ti=<TaskInstance: final_project.Load_songplays_fact_table manual__2018-11-01T00:00:00+00:00 [queued]>
[2026-09-07T10:14:29.147+0000] {taskinstance.py:2170} INFO - Starting attempt 1 of 4
[2026-09-07T10:14:29.154+0000] {taskinstance.py:2191} INFO - Executing <Task(LoadFactOperator): Load_songplays_fact_table> on 2018-11-01 00:00:00+00:00
[2026-09-07T10:14:29.160+0000] {standard_task_runner.py:60} INFO - Started process 1553 to run task
[2026-09-07T10:14:29.162+0000] {standard_task_runner.py:87} INFO - Running: ['***', 'tasks', 'run', 'final_project', 'Load_songplays_fact_table', 'manual__2018-11-01T00:00:00+00:00', '--job-id', '16', '--raw', '--subdir', 'DAGS_FOLDER/final_project.py', '--cfg-path', '/tmp/tmpyfu9rub_']
[2026-09-07T10:14:29.164+0000] {standard_task_runner.py:88} INFO - Job 16: Subtask Load_songplays_fact_table
[2026-09-07T10:14:29.194+0000] {task_command.py:423} INFO - Running <TaskInstance: final_project.Load_songplays_fact_table manual__2018-11-01T00:00:00+00:00 [running]> on host fc62c915245b
[2026-09-07T10:14:29.234+0000] {taskinstance.py:2480} INFO - Exporting env vars: AIRFLOW_CTX_DAG_OWNER='udacity' AIRFLOW_CTX_DAG_ID='final_project' AIRFLOW_CTX_TASK_ID='Load_songplays_fact_table' AIRFLOW_CTX_EXECUTION_DATE='2018-11-01T00:00:00+00:00' AIRFLOW_CTX_TRY_NUMBER='1' AIRFLOW_CTX_DAG_RUN_ID='manual__2018-11-01T00:00:00+00:00'
[2026-09-07T10:14:29.235+0000] {load_fact.py:24} INFO - Loading fact table songplays
[2026-09-07T10:14:29.240+0000] {base.py:83} INFO - Using connection ID 'redshift' for task execution.
[2026-09-07T10:14:30.038+0000] {sql.py:450} INFO - Running statement: INSERT INTO songplays

        SELECT
                md5(events.sessionid || events.start_time) songplay_id,
                events.start_time, 
                events.userid, 
                events.level, 
                songs.song_id, 
                songs.artist_id, 
                events.sessionid, 
                events.location, 
                events.useragent
                FROM (SELECT TIMESTAMP 'epoch' + ts/1000 * interval '1 second' AS start_time, *
            FROM staging_events
            WHERE page='NextSong') events
            LEFT JOIN staging_songs songs
            ON events.song = songs.title
                AND events.artist = songs.artist_name
                AND events.length = songs.duration
    , parameters: None
[2026-09-07T10:14:31.528+0000] {sql.py:459} INFO - Rows affected: 6820
[2026-09-07T10:14:32.315+0000] {load_fact.py:26} INFO - Successfully loaded fact table songplays
[2026-09-07T10:14:32.322+0000] {taskinstance.py:1138} INFO - Marking task as SUCCESS. dag_id=final_project, task_id=Load_songplays_fact_table, execution_date=20181101T000000, start_date=20260907T101429, end_date=20260907T101432
[2026-09-07T10:14:32.343+0000] {local_task_job_runner.py:234} INFO - Task exited with return code 0
[2026-09-07T10:14:32.384+0000] {taskinstance.py:3280} INFO - 0 downstream tasks scheduled from follow-on schedule check
