[2026-09-07T10:14:33.355+0000] {taskinstance.py:1956} INFO - Dependencies all met for dep_context=non-requeueable deps ti=<TaskInstance: final_project.Load_user_dim_table manual__2018-11-01T00:00:00+00:00 [queued]>
[2026-09-07T10:14:33.361+0000] {taskinstance.py:1956} INFO - Dependencies all met for dep_context=requeueable deps ti=<TaskInstance: final_project.Load_user_dim_table manual__2018-11-01T00:00:00+00:00 [queued]>
[2026-09-07T10:14:33.361+0000] {taskinstance.py:2170} INFO - Starting attempt 1 of 4
[2026-09-07T10:14:33.369+0000] {taskinstance.py:2191} INFO - Executing <Task(LoadDimensionOperator): Load_user_dim_table> on 2018-11-01 00:00:00+00:00
[2026-09-07T10:14:33.377+0000] {standard_task_runner.py:60} INFO - Started process 1564 to run task
[2026-09-07T10:14:33.379+0000] {standard_task_runner.py:87} INFO - Running: ['***', 'tasks', 'run', 'final_project', 'Load_user_dim_table', 'manual__2018-11-01T00:00:00+00:00', '--job-id', '19', '--raw', '--subdir', 'DAGS_FOLDER/final_project.py', '--cfg-path', '/tmp/tmpge5_pkqb']
[2026-09-07T10:14:33.381+0000] {standard_task_runner.py:88} INFO - Job 19: Subtask Load_user_dim_table
[2026-09-07T10:14:33.428+0000] {task_command.py:423} INFO - Running <TaskInstance: final_project.Load_user_dim_table manual__2018-11-01T00:00:00+00:00 [running]> on host fc62c915245b
[2026-09-07T10:14:33.500+0000] {taskinstance.py:2480} INFO - Exporting env vars: AIRFLOW_CTX_DAG_OWNER='udacity' AIRFLOW_CTX_DAG_ID='final_project' AIRFLOW_CTX_TASK_ID='Load_user_dim_table' AIRFLOW_CTX_EXECUTION_DATE='2018-11-01T00:00:00+00:00' AIRFLOW_CTX_TRY_NUMBER='1' AIRFLOW_CTX_DAG_RUN_ID='manual__2018-11-01T00:00:00+00:00'
[2026-09-07T10:14:33.501+0000] {load_dimension.py:26} INFO - Truncating dimension table users
[2026-09-07T10:14:33.508+0000] {base.py:83} INFO - Using connection ID 'redshift' for task execution.
[2026-09-07T10:14:34.305+0000] {sql.py:450} INFO - Running statement: TRUNCATE TABLE users, parameters: None
[2026-09-07T10:14:35.967+0000] {load_dimension.py:29} INFO - Loading dimension table users
[2026-09-07T10:14:35.972+0000] {base.py:83} INFO - Using connection ID 'redshift' for task execution.
[2026-09-07T10:14:36.786+0000] {sql.py:450} INFO - Running statement: INSERT INTO users

        SELECT distinct userid, firstname, lastname, gender, level
        FROM staging_events
        WHERE page='NextSong'
    , parameters: None
[2026-09-07T10:14:38.136+0000] {sql.py:459} INFO - Rows affected: 104
[2026-09-07T10:14:38.880+0000] {load_dimension.py:31} INFO - Successfully loaded dimension table users
[2026-09-07T10:14:38.887+0000] {taskinstance.py:1138} INFO - Marking task as SUCCESS. dag_id=final_project, task_id=Load_user_dim_table, execution_date=20181101T000000, start_date=20260907T101433, end_date=20260907T101438
[2026-09-07T10:14:38.927+0000] {local_task_job_runner.py:234} INFO - Task exited with return code 0
[2026-09-07T10:14:38.944+0000] {taskinstance.py:3280} INFO - 0 downstream tasks scheduled from follow-on schedule check
