[2026-09-07T10:14:33.380+0000] {taskinstance.py:1956} INFO - Dependencies all met for dep_context=non-requeueable deps ti=<TaskInstance: final_project.Load_artist_dim_table manual__2018-11-01T00:00:00+00:00 [queued]>
[2026-09-07T10:14:33.389+0000] {taskinstance.py:1956} INFO - Dependencies all met for dep_context=requeueable deps ti=<TaskInstance: final_project.Load_artist_dim_table manual__2018-11-01T00:00:00+00:00 [queued]>
[2026-09-07T10:14:33.389+0000] {taskinstance.py:2170} INFO - Starting attempt 1 of 4
[2026-09-07T10:14:33.404+0000] {taskinstance.py:2191} INFO - Executing <Task(LoadDimensionOperator): Load_artist_dim_table> on 2018-11-01 00:00:00+00:00
[2026-09-07T10:14:33.415+0000] {standard_task_runner.py:60} INFO - Started process 1565 to run task
[2026-09-07T10:14:33.417+0000] {standard_task_runner.py:87} INFO - Running: ['***', 'tasks', 'run', 'final_project', 'Load_artist_dim_table', 'manual__2018-11-01T00:00:00+00:00', '--job-id', '20', '--raw', '--subdir', 'DAGS_FOLDER/final_project.py', '--cfg-path', '/tmp/tmp2jw4i9tu']
[2026-09-07T10:14:33.423+0000] {standard_task_runner.py:88} INFO - Job 20: Subtask Load_artist_dim_table
[2026-09-07T10:14:33.468+0000] {task_command.py:423} INFO - Running <TaskInstance: final_project.Load_artist_dim_table manual__2018-11-01T00:00:00+00:00 [running]> on host fc62c915245b
[2026-09-07T10:14:33.531+0000] {taskinstance.py:2480} INFO - Exporting env vars: AIRFLOW_CTX_DAG_OWNER='udacity' AIRFLOW_CTX_DAG_ID='final_project' AIRFLOW_CTX_TASK_ID='Load_artist_dim_table' AIRFLOW_CTX_EXECUTION_DATE='2018-11-01T00:00:00+00:00' AIRFLOW_CTX_TRY_NUMBER='1' AIRFLOW_CTX_DAG_RUN_ID='manual__2018-11-01T00:00:00+00:00'
[2026-09-07T10:14:33.532+0000] {load_dimension.py:26} INFO - Truncating dimension table artists
[2026-09-07T10:14:33.540+0000] {base.py:83} INFO - Using connection ID 'redshift' for task execution.
[2026-09-07T10:14:34.325+0000] {sql.py:450} INFO - Running statement: TRUNCATE TABLE artists, parameters: None
[2026-09-07T10:14:35.967+0000] {load_dimension.py:29} INFO - Loading dimension table artists
[2026-09-07T10:14:35.972+0000] {base.py:83} INFO - Using connection ID 'redshift' for task execution.
[2026-09-07T10:14:36.841+0000] {sql.py:450} INFO - Running statement: INSERT INTO artists

        SELECT distinct artist_id, artist_name, artist_location, artist_latitude, artist_longitude
        FROM staging_songs
    , parameters: None
[2026-09-07T10:14:38.145+0000] {sql.py:459} INFO - Rows affected: 10025
[2026-09-07T10:14:39.152+0000] {load_dimension.py:31} INFO - Successfully loaded dimension table artists
[2026-09-07T10:14:39.158+0000] {taskinstance.py:1138} INFO - Marking task as SUCCESS. dag_id=final_project, task_id=Load_artist_dim_table, execution_date=20181101T000000, start_date=20260907T101433, end_date=20260907T101439
[2026-09-07T10:14:39.198+0000] {local_task_job_runner.py:234} INFO - Task exited with return code 0
[2026-09-07T10:14:39.221+0000] {taskinstance.py:3280} INFO - 1 downstream tasks scheduled from follow-on schedule check
