[2026-09-07T10:14:40.573+0000] {taskinstance.py:1956} INFO - Dependencies all met for dep_context=non-requeueable deps ti=<TaskInstance: final_project.Run_data_quality_checks manual__2018-11-01T00:00:00+00:00 [queued]>
[2026-09-07T10:14:40.580+0000] {taskinstance.py:1956} INFO - Dependencies all met for dep_context=requeueable deps ti=<TaskInstance: final_project.Run_data_quality_checks manual__2018-11-01T00:00:00+00:00 [queued]>
[2026-09-07T10:14:40.580+0000] {taskinstance.py:2170} INFO - Starting attempt 1 of 4
[2026-09-07T10:14:40.588+0000] {taskinstance.py:2191} INFO - Executing <Task(DataQualityOperator): Run_data_quality_checks> on 2018-11-01 00:00:00+00:00
[2026-09-07T10:14:40.597+0000] {standard_task_runner.py:60} INFO - Started process 1568 to run task
[2026-09-07T10:14:40.600+0000] {standard_task_runner.py:87} INFO - Running: ['***', 'tasks', 'run', 'final_project', 'Run_data_quality_checks', 'manual__2018-11-01T00:00:00+00:00', '--job-id', '21', '--raw', '--subdir', 'DAGS_FOLDER/final_project.py', '--cfg-path', '/tmp/tmpatdh0h0y']
[2026-09-07T10:14:40.602+0000] {standard_task_runner.py:88} INFO - Job 21: Subtask Run_data_quality_checks
[2026-09-07T10:14:40.644+0000] {task_command.py:423} INFO - Running <TaskInstance: final_project.Run_data_quality_checks manual__2018-11-01T00:00:00+00:00 [running]> on host fc62c915245b
[2026-09-07T10:14:40.703+0000] {taskinstance.py:2480} INFO - Exporting env vars: AIRFLOW_CTX_DAG_OWNER='udacity' AIRFLOW_CTX_DAG_ID='final_project' AIRFLOW_CTX_TASK_ID='Run_data_quality_checks' AIRFLOW_CTX_EXECUTION_DATE='2018-11-01T00:00:00+00:00' AIRFLOW_CTX_TRY_NUMBER='1' AIRFLOW_CTX_DAG_RUN_ID='manual__2018-11-01T00:00:00+00:00'
[2026-09-07T10:14:40.704+0000] {data_quality.py:37} INFO - Running data quality check: SELECT COUNT(*) FROM songplays WHERE playid IS NULL
[2026-09-07T10:14:40.710+0000] {base.py:83} INFO - Using connection ID 'redshift' for task execution.
[2026-09-07T10:14:41.534+0000] {sql.py:450} INFO - Running statement: SELECT COUNT(*) FROM songplays WHERE playid IS NULL, parameters: None
[2026-09-07T10:14:41.754+0000] {sql.py:459} INFO - Rows affected: 1
[2026-09-07T10:14:41.862+0000] {data_quality.py:50} INFO - Data quality check passed: SELECT COUNT(*) FROM songplays WHERE playid IS NULL
[2026-09-07T10:14:41.863+0000] {data_quality.py:37} INFO - Running data quality check: SELECT COUNT(*) FROM users WHERE userid IS NULL
[2026-09-07T10:14:41.868+0000] {base.py:83} INFO - Using connection ID 'redshift' for task execution.
[2026-09-07T10:14:42.657+0000] {sql.py:450} INFO - Running statement: SELECT COUNT(*) FROM users WHERE userid IS NULL, parameters: None
[2026-09-07T10:14:42.880+0000] {sql.py:459} INFO - Rows affected: 1
[2026-09-07T10:14:42.988+0000] {data_quality.py:50} INFO - Data quality check passed: SELECT COUNT(*) FROM users WHERE userid IS NULL
[2026-09-07T10:14:42.988+0000] {data_quality.py:37} INFO - Running data quality check: SELECT COUNT(*) FROM songs WHERE songid IS NULL
[2026-09-07T10:14:42.996+0000] {base.py:83} INFO - Using connection ID 'redshift' for task execution.
[2026-09-07T10:14:43.795+0000] {sql.py:450} INFO - Running statement: SELECT COUNT(*) FROM songs WHERE songid IS NULL, parameters: None
[2026-09-07T10:14:44.014+0000] {sql.py:459} INFO - Rows affected: 1
[2026-09-07T10:14:44.123+0000] {data_quality.py:50} INFO - Data quality check passed: SELECT COUNT(*) FROM songs WHERE songid IS NULL
[2026-09-07T10:14:44.123+0000] {data_quality.py:37} INFO - Running data quality check: SELECT COUNT(*) FROM songplays
[2026-09-07T10:14:44.128+0000] {base.py:83} INFO - Using connection ID 'redshift' for task execution.
[2026-09-07T10:14:44.924+0000] {sql.py:450} INFO - Running statement: SELECT COUNT(*) FROM songplays, parameters: None
[2026-09-07T10:14:45.235+0000] {sql.py:459} INFO - Rows affected: 1
[2026-09-07T10:14:45.344+0000] {data_quality.py:50} INFO - Data quality check passed: SELECT COUNT(*) FROM songplays
[2026-09-07T10:14:45.351+0000] {taskinstance.py:1138} INFO - Marking task as SUCCESS. dag_id=final_project, task_id=Run_data_quality_checks, execution_date=20181101T000000, start_date=20260907T101440, end_date=20260907T101445
[2026-09-07T10:14:45.400+0000] {local_task_job_runner.py:234} INFO - Task exited with return code 0
[2026-09-07T10:14:45.414+0000] {taskinstance.py:3280} INFO - 0 downstream tasks scheduled from follow-on schedule check
