[2026-09-07T10:13:51.197+0000] {taskinstance.py:1956} INFO - Dependencies all met for dep_context=non-requeueable deps ti=<TaskInstance: final_project.Stage_songs manual__2018-11-01T00:00:00+00:00 [queued]>
[2026-09-07T10:13:51.202+0000] {taskinstance.py:1956} INFO - Dependencies all met for dep_context=requeueable deps ti=<TaskInstance: final_project.Stage_songs manual__2018-11-01T00:00:00+00:00 [queued]>
[2026-09-07T10:13:51.202+0000] {taskinstance.py:2170} INFO - Starting attempt 1 of 4
[2026-09-07T10:13:51.210+0000] {taskinstance.py:2191} INFO - Executing <Task(StageToRedshiftOperator): Stage_songs> on 2018-11-01 00:00:00+00:00
[2026-09-07T10:13:51.217+0000] {standard_task_runner.py:60} INFO - Started process 1539 to run task
[2026-09-07T10:13:51.219+0000] {standard_task_runner.py:87} INFO - Running: ['***', 'tasks', 'run', 'final_project', 'Stage_songs', 'manual__2018-11-01T00:00:00+00:00', '--job-id', '15', '--raw', '--subdir', 'DAGS_FOLDER/final_project.py', '--cfg-path', '/tmp/tmprzkd60zh']
[2026-09-07T10:13:51.221+0000] {standard_task_runner.py:88} INFO - Job 15: Subtask Stage_songs
[2026-09-07T10:13:51.253+0000] {task_command.py:423} INFO - Running <TaskInstance: final_project.Stage_songs manual__2018-11-01T00:00:00+00:00 [running]> on host fc62c915245b
[2026-09-07T10:13:51.298+0000] {taskinstance.py:2480} INFO - Exporting env vars: AIRFLOW_CTX_DAG_OWNER='udacity' AIRFLOW_CTX_DAG_ID='final_project' AIRFLOW_CTX_TASK_ID='Stage_songs' AIRFLOW_CTX_EXECUTION_DATE='2018-11-01T00:00:00+00:00' AIRFLOW_CTX_TRY_NUMBER='1' AIRFLOW_CTX_DAG_RUN_ID='manual__2018-11-01T00:00:00+00:00'
[2026-09-07T10:13:51.305+0000] {base.py:83} INFO - Using connection ID 'aws_credentials' for task execution.
[2026-09-07T10:13:51.306+0000] {connection_wrapper.py:378} INFO - AWS Connection (conn_id='aws_credentials', conn_type='aws') credentials retrieved from login and password.
[2026-09-07T10:13:51.306+0000] {connection_wrapper.py:395} INFO - AWS Connection (conn_id='aws_credentials', conn_type='aws') session token retrieved from extra, please note you are responsible for renewing these.
[2026-09-07T10:13:51.313+0000] {stage_redshift.py:44} INFO - Clearing data from destination Redshift table staging_songs
[2026-09-07T10:13:51.317+0000] {base.py:83} INFO - Using connection ID 'redshift' for task execution.
[2026-09-07T10:13:52.121+0000] {sql.py:450} INFO - Running statement: DELETE FROM staging_songs, parameters: None
[2026-09-07T10:13:52.467+0000] {sql.py:459} INFO - Rows affected: 14896
[2026-09-07T10:13:53.088+0000] {stage_redshift.py:51} INFO - Copying data from s3://udacity-dend/song_data to Redshift table staging_songs
[2026-09-07T10:13:53.093+0000] {base.py:83} INFO - Using connection ID 'redshift' for task execution.
[2026-09-07T10:13:53.880+0000] {sql.py:450} INFO - Running statement: 
        COPY staging_songs
        FROM 's3://udacity-dend/song_data'
        ACCESS_KEY_ID 'REDACTED'
        SECRET_ACCESS_KEY '***'
        SESSION_TOKEN '***'
        REGION 'us-west-2'
        JSON 'auto'
    , parameters: None
[2026-09-07T10:14:27.532+0000] {stage_redshift.py:62} INFO - Successfully copied data to staging_songs
[2026-09-07T10:14:27.540+0000] {taskinstance.py:1138} INFO - Marking task as SUCCESS. dag_id=final_project, task_id=Stage_songs, execution_date=20181101T000000, start_date=20260907T101351, end_date=20260907T101427
[2026-09-07T10:14:27.566+0000] {local_task_job_runner.py:234} INFO - Task exited with return code 0
[2026-09-07T10:14:27.586+0000] {taskinstance.py:3280} INFO - 1 downstream tasks scheduled from follow-on schedule check
